// Jest Snapshot v1, https://goo.gl/fbAQLP

exports[`testCode 1`] = `
<div
  dangerouslySetInnerHTML={
    {
      "__html": "<br/>&nbsp;&nbsp;&nbsp;&nbsp;&nbsp;&nbsp;&nbsp;&nbsp;public class <span style="color: red;" >App</span> {<br/>&nbsp;&nbsp;&nbsp;&nbsp;&nbsp;&nbsp;&nbsp;&nbsp;&nbsp;&nbsp;private static String name;<br/>&nbsp;&nbsp;&nbsp;&nbsp;&nbsp;&nbsp;&nbsp;&nbsp;}<br/>&nbsp;&nbsp;&nbsp;&nbsp;&nbsp;&nbsp;",
    }
  }
/>
`;
